// Jest Snapshot v1, https://goo.gl/fbAQLP

exports[`Tests for <Home /> component Should match the snapshot 1`] = `
Array [
  <p
    className="dark_header"
  >
    Exchange Rate
  </p>,
  <div
    className="g-0 row row-cols-md-1 row-cols-1"
  >
    <div
      className="col"
    >
      <div
        className="USD BaseCard card"
      >
        <div
          className="card-body"
        >
          <div
            className="card-title h5"
          />
          <p
            className="card-text"
          />
          <div
            className="card-footer"
          >
            <h1>
              USD
            </h1>
          </div>
        </div>
      </div>
    </div>
  </div>,
  <div
    className="g-0 row row-cols-md-1 row-cols-1"
  >
    <p
      className="dark card-text"
    >
      Exchange Rate By Currency
    </p>
  </div>,
  <div
    className="g-0 row row-cols-md-2 row-cols-2"
  />,
]
`;
