// Jest Snapshot v1, https://goo.gl/fbAQLP

exports[`Tests for <Home /> component Should match the snapshot 1`] = `
Array [
  <p
    className="dark_header"
  >
    Exchange Rate
  </p>,
  <div
    className="g-0 row row-cols-md-1 row-cols-1"
  >
    <div
      className="col"
    >
      <div
        className="USD BaseCard card"
      >
        <div
          className="card-body"
        >
          <div
            className="card-title h5"
          />
          <p
            className="card-text"
          />
          <div
            className="card-footer"
          >
            <h1>
              USD
            </h1>
          </div>
        </div>
      </div>
    </div>
  </div>,
  <div
    className="g-0 row row-cols-md-1 row-cols-1"
  >
    <p
      className="dark card-text"
    >
      Exchange Rate By Currency
    </p>
  </div>,
  <div
    className="g-0 row row-cols-md-2 row-cols-2"
  >
    <div
      className="col"
    >
      <div
        className="AED Card card"
        style={
          Object {
            "backgroundColor": "#CF4277",
            "padding": "0",
          }
        }
      >
        <div
          className="card-body"
          style={
            Object {
              "margin": "0",
            }
          }
        >
          <a
            className=""
            href="/details/USD-AED"
            onClick={[Function]}
            style={
              Object {
                "color": "white",
                "textDecoration": "none",
              }
            }
          >
            <svg
              fill="currentColor"
              height="1em"
              stroke="currentColor"
              strokeWidth="0"
              style={
                Object {
                  "color": undefined,
                  "position": "absolute",
                  "right": "0",
                  "top": "0",
                }
              }
              viewBox="0 0 512 512"
              width="1em"
              xmlns="http://www.w3.org/2000/svg"
            >
              <path
                d="M262.62 336L342 256l-79.38-80m68.35 80H170"
                fill="none"
                strokeLinecap="round"
                strokeLinejoin="round"
                strokeWidth="32"
              />
              <path
                d="M256 448c106 0 192-86 192-192S362 64 256 64 64 150 64 256s86 192 192 192z"
                fill="none"
                strokeMiterlimit="10"
                strokeWidth="32"
              />
            </svg>
            <div
              className="card-title h5"
            />
            <p
              className="card-text"
            >
              AED
            </p>
            <div
              className="card-footer"
              style={
                Object {
                  "bottom": "0",
                  "position": "absolute",
                  "right": "0",
                }
              }
            >
              3.6725
            </div>
          </a>
        </div>
      </div>
    </div>
    <div
      className="col"
    >
      <div
        className="EUR Card card"
        style={
          Object {
            "backgroundColor": "#e94987",
            "padding": "0",
          }
        }
      >
        <div
          className="card-body"
          style={
            Object {
              "margin": "0",
            }
          }
        >
          <a
            className=""
            href="/details/USD-EUR"
            onClick={[Function]}
            style={
              Object {
                "color": "white",
                "textDecoration": "none",
              }
            }
          >
            <svg
              fill="currentColor"
              height="1em"
              stroke="currentColor"
              strokeWidth="0"
              style={
                Object {
                  "color": undefined,
                  "position": "absolute",
                  "right": "0",
                  "top": "0",
                }
              }
              viewBox="0 0 512 512"
              width="1em"
              xmlns="http://www.w3.org/2000/svg"
            >
              <path
                d="M262.62 336L342 256l-79.38-80m68.35 80H170"
                fill="none"
                strokeLinecap="round"
                strokeLinejoin="round"
                strokeWidth="32"
              />
              <path
                d="M256 448c106 0 192-86 192-192S362 64 256 64 64 150 64 256s86 192 192 192z"
                fill="none"
                strokeMiterlimit="10"
                strokeWidth="32"
              />
            </svg>
            <div
              className="card-title h5"
            />
            <p
              className="card-text"
            >
              EUR
            </p>
            <div
              className="card-footer"
              style={
                Object {
                  "bottom": "0",
                  "position": "absolute",
                  "right": "0",
                }
              }
            >
              87.6984
            </div>
          </a>
        </div>
      </div>
    </div>
  </div>,
]
`;
